scons: Reading SConscript files ...
Auto-detected 16 CPU cores available for build parallelism. Using 15 cores by default. You can override it with the -j argument.
Building for architecture x86_64 on platform windows
scons: done reading SConscript files.
scons: Building targets ...
scons: `extern\godot-cpp\bin\libgodot-cpp.windows.template_debug.x86_64.lib' is up to date.
Compiling shared src\va_emitter.cpp ...
Compiling shared src\va_source_ambient.cpp ...
Compiling shared src\va_source_leech.cpp ...
Compiling shared src\va_source_relative.cpp ...
Compiling shared src\va_stream_source.cpp ...
Compiling shared src\va_visualisation.cpp ...
Compiling shared src\va_world.cpp ...
Compiling shared src\va_world_gizmo.cpp ...
Compiling shared src\va_world_primitives.cpp ...
Compiling shared src\va_world_properties.cpp ...
Compiling shared src\openal\al_buffer.cpp ...
Compiling shared src\openal\al_capture_device.cpp ...
Compiling shared src\openal\al_filter.cpp ...
Compiling shared src\openal\al_manager.cpp ...
Compiling shared src\openal\al_reverb.cpp ...
.\build.bat : src\va_emitter.cpp(323): error C2065: 'refresh_ray_count': undeclared identifier
At line:1 char:368
+ ... dot-native-openal-3d-source"; .\build.bat *> build_output.log; Write- ...
+                                   ~~~~~~~~~~~~~~~~~~~~~~~~~~~~~~~
    + CategoryInfo          : NotSpecified: (src\va_emitter....ared identifier:String) [], RemoteException
    + FullyQualifiedErrorId : NativeCommandError
 
src\va_emitter.cpp(323): error C3861: 'vaEmitterSetTrailRefreshCount': identifier not found
src\va_emitter.cpp(928): error C3861: 'vaEmitterSetTrailRefreshCount': identifier not found
scons: *** [src\va_emitter.windows.template_debug.x86_64.obj] Error 2
